ra,sp,t0,t1,t2,s0,s1,a0,Requested_Address,Requested_Instruction,Time_Step
InternalerrorintraceString
java.lang.IndexOutOfBoundsException:Index2outofboundsforlength2
00000000000000000000000000000000,00000000000000000000000000000000,00000000000000000000000000000000,00000000000000000000000000000000,00000000000000000000000000000000,00000000000000000000000000000000,00000000000000000000000000000000,00000000000000000000000000000000,00000000000000000000000000000000,00000000000000000000000000000000,0000000000000000
00000000000000000000000000000000,00000000000000000000000000000000,00000000000000000000000000000000,00000000000000000000000000000000,00000000000000000000000000000000,00000000000000000000000000000000,00000000000000000000000000000000,00000000000000000000000000000000,00000000000000000000000000000100,00000000000000000000000000000000,0000000000000001
